============================= test session starts =============================
platform win32 -- Python 3.13.12, pytest-9.1.1, pluggy-1.6.0 -- E:\osinit_platform\osint-platform\backend\venv\Scripts\python.exe
cachedir: .pytest_cache
rootdir: E:\osinit_platform\osint-platform\backend
configfile: pytest.ini
plugins: anyio-4.14.1, asyncio-1.4.0, respx-0.23.1
asyncio: mode=Mode.AUTO, debug=False, asyncio_default_fixture_loop_scope=None, asyncio_default_test_loop_scope=function
collecting ... collected 31 items / 1 error

=================================== ERRORS ====================================
______________________ ERROR collecting test_output.txt _______________________
C:\Users\thats\AppData\Local\Programs\Python\Python313\Lib\pathlib\_local.py:546: in read_text
    return PathBase.read_text(self, encoding, errors, newline)
           ^^^^^^^^^^^^^^^^^^^^^^^^^^^^^^^^^^^^^^^^^^^^^^^^^^^
C:\Users\thats\AppData\Local\Programs\Python\Python313\Lib\pathlib\_abc.py:633: in read_text
    return f.read()
           ^^^^^^^^
<frozen codecs>:325: in decode
    ???
E   UnicodeDecodeError: 'utf-8' codec can't decode byte 0xff in position 0: invalid start byte
------------------------------- Captured stdout -------------------------------
[DEBUG] NEO4J_URI = 'bolt://localhost:7687'
[DEBUG] NEO4J_USER = 'neo4j'
[DEBUG] NEO4J_PASSWORD length = 15
[DEBUG] NEO4J_PASSWORD repr = 'neo4j_'...'s_2024'
[DEBUG] Brevo key loaded: xkeysib-f48d13e...
============================== warnings summary ===============================
venv\Lib\site-packages\fastapi\testclient.py:1
  E:\osinit_platform\osint-platform\backend\venv\Lib\site-packages\fastapi\testclient.py:1: StarletteDeprecationWarning: Using `httpx` with `starlette.testclient` is deprecated; install `httpx2` instead.
    from starlette.testclient import TestClient as TestClient  # noqa

schemas\sources.py:13
  E:\osinit_platform\osint-platform\backend\schemas\sources.py:13: PydanticDeprecatedSince20: Support for class-based `config` is deprecated, use ConfigDict instead. Deprecated in Pydantic V2.0 to be removed in V3.0. See Pydantic V2 Migration Guide at https://errors.pydantic.dev/2.13/migration/
    class SourceResponse(BaseModel):

schemas\entities.py:14
  E:\osinit_platform\osint-platform\backend\schemas\entities.py:14: PydanticDeprecatedSince20: Support for class-based `config` is deprecated, use ConfigDict instead. Deprecated in Pydantic V2.0 to be removed in V3.0. See Pydantic V2 Migration Guide at https://errors.pydantic.dev/2.13/migration/
    class EntityResponse(BaseModel):

schemas\exposures.py:16
  E:\osinit_platform\osint-platform\backend\schemas\exposures.py:16: PydanticDeprecatedSince20: Support for class-based `config` is deprecated, use ConfigDict instead. Deprecated in Pydantic V2.0 to be removed in V3.0. See Pydantic V2 Migration Guide at https://errors.pydantic.dev/2.13/migration/
    class ExposureResponse(BaseModel):

schemas\scans.py:15
  E:\osinit_platform\osint-platform\backend\schemas\scans.py:15: PydanticDeprecatedSince20: Support for class-based `config` is deprecated, use ConfigDict instead. Deprecated in Pydantic V2.0 to be removed in V3.0. See Pydantic V2 Migration Guide at https://errors.pydantic.dev/2.13/migration/
    class ScanResponse(BaseModel):

schemas\users.py:18
  E:\osinit_platform\osint-platform\backend\schemas\users.py:18: PydanticDeprecatedSince20: Support for class-based `config` is deprecated, use ConfigDict instead. Deprecated in Pydantic V2.0 to be removed in V3.0. See Pydantic V2 Migration Guide at https://errors.pydantic.dev/2.13/migration/
    class UserResponse(BaseModel):

-- Docs: https://docs.pytest.org/en/stable/how-to/capture-warnings.html
=========================== short test summary info ===========================
ERROR test_output.txt - UnicodeDecodeError: 'utf-8' codec can't decode byte 0...
!!!!!!!!!!!!!!!!!!! Interrupted: 1 error during collection !!!!!!!!!!!!!!!!!!!!
======================== 6 warnings, 1 error in 0.60s =========================
